1 1 string This string has 300 symbols This string has 300 symbols This string has 300 symbols This string has 300 symbols This string has 300 symbols This string has 300 symbols This string has 300 symbols This string has 300 symbols This string has 300 symbols Thi 'This string has 300 symbols This string has 300 symbols This string has 300 symbols This string has 300 symbols This string has 300 symbols This string has 300 symbols This string has 300 symbols This string has 300 symbols This string has 300 symbols This string has 300 symbols This string has 300 symbols'
End File