1 1 keyword absolute absolute
2 1 keyword and and
3 1 keyword array array
4 1 keyword as as
5 1 keyword asm asm
6 1 keyword begin begin
7 1 keyword break break
8 1 keyword case case
9 1 keyword class class
10 1 keyword initialization initialization
11 1 keyword procedure procedure
12 1 keyword program program
13 1 keyword record record
14 1 keyword resourcestring resourcestring
15 1 keyword then then
16 1 keyword string string
17 1 keyword var var
18 1 keyword until until
19 1 keyword inherited inherited
20 1 keyword CLASS CLASS
21 1 keyword CASE CASE
22 1 keyword PROGRAM PROGRAM
End File